   Compiling errno v0.3.14
   Compiling crypto-common v0.1.7
   Compiling serde v1.0.228
   Compiling futures-util v0.3.31
   Compiling tracing v0.1.44
   Compiling getrandom v0.3.4
   Compiling yoke v0.8.1
   Compiling ring v0.17.14
   Compiling syn v1.0.109
   Compiling crypto-bigint v0.5.5
   Compiling rand v0.8.5
   Compiling serde_json v1.0.149
   Compiling ff v0.12.1
   Compiling crypto-bigint v0.4.9
   Compiling socket2 v0.5.10
   Compiling ff v0.13.1
   Compiling digest v0.10.7
   Compiling signal-hook-registry v1.4.8
   Compiling cipher v0.4.4
   Compiling uuid v1.19.0
   Compiling group v0.12.1
   Compiling group v0.13.0
   Compiling zerovec v0.11.5
   Compiling zerotrie v0.2.3
   Compiling sha2 v0.10.9
   Compiling hmac v0.12.1
   Compiling signature v1.6.4
   Compiling aes v0.8.4
   Compiling hkdf v0.12.4
   Compiling smallvec v1.15.1
   Compiling either v1.15.0
   Compiling time v0.3.44
   Compiling signature v2.2.0
   Compiling rand_core v0.9.3
   Compiling proc-macro-error-attr v1.0.4
   Compiling pathfinder_simd v0.5.6
   Compiling parking_lot_core v0.9.12
   Compiling rfc6979 v0.3.1
   Compiling bytes-utils v0.1.4
   Compiling tinystr v0.8.2
   Compiling potential_utf v0.1.4
   Compiling elliptic-curve v0.12.3
   Compiling rand_chacha v0.9.0
   Compiling icu_collections v2.1.1
   Compiling phf_generator v0.11.3
   Compiling sha1 v0.10.6
   Compiling icu_locale_core v2.1.1
   Compiling universal-hash v0.5.1
   Compiling parking_lot v0.12.5
   Compiling ecdsa v0.14.8
   Compiling polyval v0.6.2
   Compiling elliptic-curve v0.13.8
   Compiling rand v0.9.2
   Compiling string_cache_codegen v0.5.4
   Compiling tokio v1.49.0
   Compiling chrono v0.4.42
   Compiling rfc6979 v0.4.0
   Compiling md-5 v0.10.6
   Compiling p256 v0.11.1
   Compiling ghash v0.5.1
   Compiling hyphenation_commons v0.8.4
   Compiling itertools v0.10.5
   Compiling rustls-webpki v0.103.8
   Compiling sct v0.7.1
   Compiling rustls-webpki v0.101.7
   Compiling markup5ever v0.10.1
   Compiling pathfinder_geometry v0.5.1
   Compiling icu_provider v2.1.1
   Compiling ecdsa v0.16.9
   Compiling ctr v0.9.2
   Compiling icu_properties v2.1.2
   Compiling icu_normalizer v2.1.1
   Compiling rustls v0.23.36
   Compiling rustls v0.21.12
   Compiling strum_macros v0.26.4
   Compiling aead v0.5.2
   Compiling concurrent-queue v2.5.0
   Compiling bincode v1.3.3
   Compiling regex-syntax v0.8.8
   Compiling num-bigint-dig v0.8.6
   Compiling aes-gcm v0.10.3
   Compiling event-listener v5.4.1
   Compiling primeorder v0.13.6
   Compiling string_cache v0.8.9
   Compiling futures-intrusive v0.5.0
   Compiling serde_urlencoded v0.7.1
   Compiling hyphenation v0.8.4
   Compiling cssparser-macros v0.6.1
   Compiling mmapio v0.9.1
   Compiling derive_more v0.99.20
   Compiling sqlx-postgres v0.8.6
   Compiling png v0.18.0
   Compiling idna_adapter v1.2.1
   Compiling idna v1.1.0
   Compiling proc-macro-error v1.0.4
   Compiling futures-executor v0.3.31
   Compiling url v2.5.8
   Compiling regex-automata v0.4.13
   Compiling rsa v0.9.10
   Compiling hmac-sha256 v1.1.12
   Compiling hmac-sha512 v1.1.7
   Compiling crc-fast v1.9.0
   Compiling ed25519-compact v2.2.0
   Compiling tungstenite v0.28.0
   Compiling superboring v0.1.6
   Compiling strum v0.26.3
   Compiling image v0.25.9
   Compiling azul-css v0.0.7
   Compiling zstd-safe v5.0.2+zstd.1.5.2
   Compiling stacker v0.1.22
   Compiling p384 v0.13.1
   Compiling p256 v0.13.2
   Compiling k256 v0.13.4
   Compiling cbc v0.1.2
   Compiling ecb v0.1.2
   Compiling password-hash v0.4.2
   Compiling coarsetime v0.1.37
   Compiling phf_macros v0.8.0
   Compiling ouroboros_macro v0.17.2
   Compiling cssparser v0.27.2
   Compiling html5ever v0.25.2
   Compiling lopdf v0.39.0
   Compiling pbkdf2 v0.11.0
   Compiling jwt-simple v0.12.13
   Compiling thiserror v1.0.69
   Compiling chumsky v0.9.3
   Compiling bzip2 v0.4.4
   Compiling rayon v1.11.0
   Compiling phf v0.8.0
   Compiling num_enum v0.7.5
   Compiling regex v1.12.2
   Compiling tokio-util v0.7.18
   Compiling aws-smithy-async v1.2.7
   Compiling tokio-rustls v0.26.4
   Compiling tower v0.5.2
   Compiling tokio-rustls v0.24.1
   Compiling ouroboros v0.17.2
   Compiling allsorts v0.16.1
   Compiling tokio-stream v0.1.18
   Compiling qrcodegen-image v1.5.0
   Compiling aws-smithy-types v1.3.6
   Compiling h2 v0.4.13
   Compiling h2 v0.3.27
   Compiling tower-http v0.6.8
   Compiling tokio-tungstenite v0.28.0
   Compiling sqlx-core v0.8.6
   Compiling matchers v0.2.0
   Compiling selectors v0.22.0
   Compiling zstd v0.11.2+zstd.1.5.2
   Compiling multer v3.1.0
   Compiling ece-native v0.4.0
   Compiling simple_asn1 v0.6.3
   Compiling axum-core v0.5.6
   Compiling blake2 v0.10.6
   Compiling aws-smithy-runtime-api v1.10.0
   Compiling aws-smithy-eventstream v0.60.14
   Compiling aws-smithy-json v0.61.9
   Compiling aws-smithy-query v0.60.9
   Compiling kuchiki v0.8.1
   Compiling password-hash v0.5.0
   Compiling saas-tauri v0.1.0 (/home/xtrabit/ISPMANAGEMENT/src-tauri)
   Compiling totp-rs v5.7.0
   Compiling lettre v0.11.19
   Compiling radius v0.4.0
   Compiling zip v0.6.6
   Compiling tracing-subscriber v0.3.22
   Compiling argon2 v0.5.3
   Compiling jsonwebtoken v9.3.1
   Compiling aws-smithy-http v0.62.6
   Compiling aws-credential-types v1.2.11
   Compiling aws-smithy-observability v0.2.0
   Compiling sqlx-macros-core v0.8.6
   Compiling aws-sigv4 v1.3.7
   Compiling aws-types v1.3.11
   Compiling aws-smithy-checksums v0.63.13
   Compiling sqlx-sqlite v0.8.6
   Compiling web-push-native v0.4.0
   Compiling sysinfo v0.30.13
   Compiling validator v0.19.0
   Compiling mikrotik-rs v0.5.1
   Compiling hyper v1.8.1
   Compiling hyper v0.14.32
   Compiling chrono-tz v0.10.4
   Compiling futures v0.3.31
   Compiling des v0.8.1
   Compiling md4 v0.10.2
   Compiling sqlx-macros v0.8.6
   Compiling hyper-util v0.1.19
   Compiling hyper-rustls v0.24.2
   Compiling hyper-rustls v0.27.7
   Compiling axum v0.8.8
   Compiling rust-fontconfig v2.0.0
   Compiling aws-smithy-http-client v1.1.5
   Compiling reqwest v0.12.28
   Compiling azul-core v0.0.7
   Compiling aws-smithy-runtime v1.9.8
   Compiling sqlx v0.8.6
   Compiling aws-runtime v1.5.18
   Compiling aws-sdk-ssooidc v1.94.0
   Compiling aws-sdk-sso v1.92.0
   Compiling aws-sdk-sts v1.96.0
   Compiling aws-sdk-s3 v1.120.0
   Compiling aws-config v1.8.12
   Compiling azul-layout v0.0.7
   Compiling printpdf v0.9.1
warning: field `ticket_id` is never read
    --> src/http/storage.rs:1019:9
     |
1018 |     struct TicketLink {
     |            ---------- field in this struct
1019 |         ticket_id: String,
     |         ^^^^^^^^^
     |
     = note: `#[warn(dead_code)]` (part of `#[warn(unused)]`) on by default

warning: `saas-tauri` (lib) generated 1 warning
    Finished `dev` profile [unoptimized] target(s) in 3m 00s
     Running `src-tauri/target/debug/server`
[2m2026-06-11T03:54:27.277724Z[0m [32m INFO[0m [2mserver[0m[2m:[0m Starting SaaS Standalone Server...
[2m2026-06-11T03:54:27.278416Z[0m [32m INFO[0m [2mserver[0m[2m:[0m Initializing database connection...
[2m2026-06-11T03:54:27.278903Z[0m [32m INFO[0m [2msaas_tauri_lib::db::connection::bootstrap[0m[2m:[0m Connecting to PostgreSQL database
[2m2026-06-11T03:54:27.435324Z[0m [32m INFO[0m [2msqlx::postgres::notice[0m[2m:[0m relation "_sqlx_migrations" already exists, skipping
[2m2026-06-11T03:54:27.445721Z[0m [32m INFO[0m [2msaas_tauri_lib::db::connection::migrations[0m[2m:[0m PostgreSQL migrations completed
[2m2026-06-11T03:54:27.445881Z[0m [32m INFO[0m [2msaas_tauri_lib::db::connection::bootstrap[0m[2m:[0m PostgreSQL database initialized successfully
[2m2026-06-11T03:54:28.449396Z[0m [32m INFO[0m [2mserver[0m[2m:[0m Database initialized.
[2m2026-06-11T03:54:28.768679Z[0m [32m INFO[0m [2msaas_tauri_lib::services::role_service[0m[2m:[0m Default permissions seeded
[2m2026-06-11T03:54:29.669091Z[0m [32m INFO[0m [2msaas_tauri_lib::services::role_service[0m[2m:[0m Default roles seeded
[2m2026-06-11T03:54:29.674632Z[0m [32m INFO[0m [2msaas_tauri_lib::services::email_outbox_service[0m[2m:[0m Email outbox sender started.
[2m2026-06-11T03:54:29.677092Z[0m [32m INFO[0m [2msaas_tauri_lib::services::customer_service[0m[2m:[0m Installation SLA reminder scheduler started.
[2m2026-06-11T03:54:29.677607Z[0m [32m INFO[0m [2msaas_tauri_lib::services::announcement_service[0m[2m:[0m Announcement Scheduler started.
[2m2026-06-11T03:54:29.678148Z[0m [32m INFO[0m [2msaas_tauri_lib::services::backup[0m[2m:[0m Backup Scheduler started.
[2m2026-06-11T03:54:30.209469Z[0m [32m INFO[0m [2msaas_tauri_lib::bootstrap::http[0m[2m:[0m HTTP API listening on 0.0.0.0:3000
[2m2026-06-11T03:54:35.192639Z[0m [33m WARN[0m [2msqlx::query[0m[2m:[0m slow statement: execution time exceeded alert threshold [3msummary[0m[2m=[0m"INSERT INTO mikrotik_logs (id, …" [3mdb.statement[0m[2m=[0m"\n\nINSERT INTO mikrotik_logs (id, tenant_id, router_id, router_log_id, logged_at, router_time, topics, level, message, created_at, updated_at) VALUES ($1, $2, $3, $4, $5, $6, $7, $8, $9, $10, $11), ($12, $13, $14, $15, $16, $17, $18, $19, $20, $21, $22), ($23, $24, $25, $26, $27, $28, $29, $30, $31, $32, $33), ($34, $35, $36, $37, $38, $39, $40, $41, $42, $43, $44), ($45, $46, $47, $48, $49, $50, $51, $52, $53, $54, $55), ($56, $57, $58, $59, $60, $61, $62, $63, $64, $65, $66), ($67, $68, $69, $70, $71, $72, $73, $74, $75, $76, $77), ($78, $79, $80, $81, $82, $83, $84, $85, $86, $87, $88), ($89, $90, $91, $92, $93, $94, $95, $96, $97, $98, $99), ($100, $101, $102, $103, $104, $105, $106, $107, $108, $109, $110), ($111, $112, $113, $114, $115, $116, $117, $118, $119, $120, $121), ($122, $123, $124, $125, $126, $127, $128, $129, $130, $131, $132), ($133, $134, $135, $136, $137, $138, $139, $140, $141, $142, $143), ($144, $145, $146, $147, $148, $149, $150, $151, $152, $153, $154), ($155, $156, $157, $158, $159, $160, $161, $162, $163, $164, $165), ($166, $167, $168, $169, $170, $171, $172, $173, $174, $175, $176), ($177, $178, $179, $180, $181, $182, $183, $184, $185, $186, $187), ($188, $189, $190, $191, $192, $193, $194, $195, $196, $197, $198), ($199, $200, $201, $202, $203, $204, $205, $206, $207, $208, $209), ($210, $211, $212, $213, $214, $215, $216, $217, $218, $219, $220), ($221, $222, $223, $224, $225, $226, $227, $228, $229, $230, $231), ($232, $233, $234, $235, $236, $237, $238, $239, $240, $241, $242), ($243, $244, $245, $246, $247, $248, $249, $250, $251, $252, $253), ($254, $255, $256, $257, $258, $259, $260, $261, $262, $263, $264), ($265, $266, $267, $268, $269, $270, $271, $272, $273, $274, $275), ($276, $277, $278, $279, $280, $281, $282, $283, $284, $285, $286), ($287, $288, $289, $290, $291, $292, $293, $294, $295, $296, $297), ($298, $299, $300, $301, $302, $303, $304, $305, $306, $307, $308), ($309, $310, $311, $312, $313, $314, $315, $316, $317, $318, $319), ($320, $321, $322, $323, $324, $325, $326, $327, $328, $329, $330), ($331, $332, $333, $334, $335, $336, $337, $338, $339, $340, $341), ($342, $343, $344, $345, $346, $347, $348, $349, $350, $351, $352), ($353, $354, $355, $356, $357, $358, $359, $360, $361, $362, $363), ($364, $365, $366, $367, $368, $369, $370, $371, $372, $373, $374), ($375, $376, $377, $378, $379, $380, $381, $382, $383, $384, $385), ($386, $387, $388, $389, $390, $391, $392, $393, $394, $395, $396), ($397, $398, $399, $400, $401, $402, $403, $404, $405, $406, $407), ($408, $409, $410, $411, $412, $413, $414, $415, $416, $417, $418), ($419, $420, $421, $422, $423, $424, $425, $426, $427, $428, $429), ($430, $431, $432, $433, $434, $435, $436, $437, $438, $439, $440), ($441, $442, $443, $444, $445, $446, $447, $448, $449, $450, $451), ($452, $453, $454, $455, $456, $457, $458, $459, $460, $461, $462), ($463, $464, $465, $466, $467, $468, $469, $470, $471, $472, $473), ($474, $475, $476, $477, $478, $479, $480, $481, $482, $483, $484), ($485, $486, $487, $488, $489, $490, $491, $492, $493, $494, $495), ($496, $497, $498, $499, $500, $501, $502, $503, $504, $505, $506), ($507, $508, $509, $510, $511, $512, $513, $514, $515, $516, $517), ($518, $519, $520, $521, $522, $523, $524, $525, $526, $527, $528), ($529, $530, $531, $532, $533, $534, $535, $536, $537, $538, $539), ($540, $541, $542, $543, $544, $545, $546, $547, $548, $549, $550), ($551, $552, $553, $554, $555, $556, $557, $558, $559, $560, $561), ($562, $563, $564, $565, $566, $567, $568, $569, $570, $571, $572), ($573, $574, $575, $576, $577, $578, $579, $580, $581, $582, $583), ($584, $585, $586, $587, $588, $589, $590, $591, $592, $593, $594), ($595, $596, $597, $598, $599, $600, $601, $602, $603, $604, $605), ($606, $607, $608, $609, $610, $611, $612, $613, $614, $615, $616), ($617, $618, $619, $620, $621, $622, $623, $624, $625, $626, $627), ($628, $629, $630, $631, $632, $633, $634, $635, $636, $637, $638), ($639, $640, $641, $642, $643, $644, $645, $646, $647, $648, $649), ($650, $651, $652, $653, $654, $655, $656, $657, $658, $659, $660), ($661, $662, $663, $664, $665, $666, $667, $668, $669, $670, $671), ($672, $673, $674, $675, $676, $677, $678, $679, $680, $681, $682), ($683, $684, $685, $686, $687, $688, $689, $690, $691, $692, $693), ($694, $695, $696, $697, $698, $699, $700, $701, $702, $703, $704), ($705, $706, $707, $708, $709, $710, $711, $712, $713, $714, $715), ($716, $717, $718, $719, $720, $721, $722, $723, $724, $725, $726), ($727, $728, $729, $730, $731, $732, $733, $734, $735, $736, $737), ($738, $739, $740, $741, $742, $743, $744, $745, $746, $747, $748), ($749, $750, $751, $752, $753, $754, $755, $756, $757, $758, $759), ($760, $761, $762, $763, $764, $765, $766, $767, $768, $769, $770), ($771, $772, $773, $774, $775, $776, $777, $778, $779, $780, $781), ($782, $783, $784, $785, $786, $787, $788, $789, $790, $791, $792), ($793, $794, $795, $796, $797, $798, $799, $800, $801, $802, $803), ($804, $805, $806, $807, $808, $809, $810, $811, $812, $813, $814), ($815, $816, $817, $818, $819, $820, $821, $822, $823, $824, $825), ($826, $827, $828, $829, $830, $831, $832, $833, $834, $835, $836), ($837, $838, $839, $840, $841, $842, $843, $844, $845, $846, $847), ($848, $849, $850, $851, $852, $853, $854, $855, $856, $857, $858), ($859, $860, $861, $862, $863, $864, $865, $866, $867, $868, $869), ($870, $871, $872, $873, $874, $875, $876, $877, $878, $879, $880), ($881, $882, $883, $884, $885, $886, $887, $888, $889, $890, $891), ($892, $893, $894, $895, $896, $897, $898, $899, $900, $901, $902), ($903, $904, $905, $906, $907, $908, $909, $910, $911, $912, $913), ($914, $915, $916, $917, $918, $919, $920, $921, $922, $923, $924), ($925, $926, $927, $928, $929, $930, $931, $932, $933, $934, $935), ($936, $937, $938, $939, $940, $941, $942, $943, $944, $945, $946), ($947, $948, $949, $950, $951, $952, $953, $954, $955, $956, $957), ($958, $959, $960, $961, $962, $963, $964, $965, $966, $967, $968), ($969, $970, $971, $972, $973, $974, $975, $976, $977, $978, $979), ($980, $981, $982, $983, $984, $985, $986, $987, $988, $989, $990), ($991, $992, $993, $994, $995, $996, $997, $998, $999, $1000, $1001), ($1002, $1003, $1004, $1005, $1006, $1007, $1008, $1009, $1010, $1011, $1012), ($1013, $1014, $1015, $1016, $1017, $1018, $1019, $1020, $1021, $1022, $1023), ($1024, $1025, $1026, $1027, $1028, $1029, $1030, $1031, $1032, $1033, $1034), ($1035, $1036, $1037, $1038, $1039, $1040, $1041, $1042, $1043, $1044, $1045), ($1046, $1047, $1048, $1049, $1050, $1051, $1052, $1053, $1054, $1055, $1056), ($1057, $1058, $1059, $1060, $1061, $1062, $1063, $1064, $1065, $1066, $1067), ($1068, $1069, $1070, $1071, $1072, $1073, $1074, $1075, $1076, $1077, $1078), ($1079, $1080, $1081, $1082, $1083, $1084, $1085, $1086, $1087, $1088, $1089), ($1090, $1091, $1092, $1093, $1094, $1095, $1096, $1097, $1098, $1099, $1100), ($1101, $1102, $1103, $1104, $1105, $1106, $1107, $1108, $1109, $1110, $1111), ($1112, $1113, $1114, $1115, $1116, $1117, $1118, $1119, $1120, $1121, $1122), ($1123, $1124, $1125, $1126, $1127, $1128, $1129, $1130, $1131, $1132, $1133), ($1134, $1135, $1136, $1137, $1138, $1139, $1140, $1141, $1142, $1143, $1144), ($1145, $1146, $1147, $1148, $1149, $1150, $1151, $1152, $1153, $1154, $1155), ($1156, $1157, $1158, $1159, $1160, $1161, $1162, $1163, $1164, $1165, $1166), ($1167, $1168, $1169, $1170, $1171, $1172, $1173, $1174, $1175, $1176, $1177), ($1178, $1179, $1180, $1181, $1182, $1183, $1184, $1185, $1186, $1187, $1188), ($1189, $1190, $1191, $1192, $1193, $1194, $1195, $1196, $1197, $1198, $1199), ($1200, $1201, $1202, $1203, $1204, $1205, $1206, $1207, $1208, $1209, $1210), ($1211, $1212, $1213, $1214, $1215, $1216, $1217, $1218, $1219, $1220, $1221), ($1222, $1223, $1224, $1225, $1226, $1227, $1228, $1229, $1230, $1231, $1232), ($1233, $1234, $1235, $1236, $1237, $1238, $1239, $1240, $1241, $1242, $1243), ($1244, $1245, $1246, $1247, $1248, $1249, $1250, $1251, $1252, $1253, $1254), ($1255, $1256, $1257, $1258, $1259, $1260, $1261, $1262, $1263, $1264, $1265), ($1266, $1267, $1268, $1269, $1270, $1271, $1272, $1273, $1274, $1275, $1276), ($1277, $1278, $1279, $1280, $1281, $1282, $1283, $1284, $1285, $1286, $1287), ($1288, $1289, $1290, $1291, $1292, $1293, $1294, $1295, $1296, $1297, $1298), ($1299, $1300, $1301, $1302, $1303, $1304, $1305, $1306, $1307, $1308, $1309), ($1310, $1311, $1312, $1313, $1314, $1315, $1316, $1317, $1318, $1319, $1320), ($1321, $1322, $1323, $1324, $1325, $1326, $1327, $1328, $1329, $1330, $1331), ($1332, $1333, $1334, $1335, $1336, $1337, $1338, $1339, $1340, $1341, $1342), ($1343, $1344, $1345, $1346, $1347, $1348, $1349, $1350, $1351, $1352, $1353), ($1354, $1355, $1356, $1357, $1358, $1359, $1360, $1361, $1362, $1363, $1364), ($1365, $1366, $1367, $1368, $1369, $1370, $1371, $1372, $1373, $1374, $1375), ($1376, $1377, $1378, $1379, $1380, $1381, $1382, $1383, $1384, $1385, $1386), ($1387, $1388, $1389, $1390, $1391, $1392, $1393, $1394, $1395, $1396, $1397), ($1398, $1399, $1400, $1401, $1402, $1403, $1404, $1405, $1406, $1407, $1408), ($1409, $1410, $1411, $1412, $1413, $1414, $1415, $1416, $1417, $1418, $1419), ($1420, $1421, $1422, $1423, $1424, $1425, $1426, $1427, $1428, $1429, $1430), ($1431, $1432, $1433, $1434, $1435, $1436, $1437, $1438, $1439, $1440, $1441), ($1442, $1443, $1444, $1445, $1446, $1447, $1448, $1449, $1450, $1451, $1452), ($1453, $1454, $1455, $1456, $1457, $1458, $1459, $1460, $1461, $1462, $1463), ($1464, $1465, $1466, $1467, $1468, $1469, $1470, $1471, $1472, $1473, $1474), ($1475, $1476, $1477, $1478, $1479, $1480, $1481, $1482, $1483, $1484, $1485), ($1486, $1487, $1488, $1489, $1490, $1491, $1492, $1493, $1494, $1495, $1496), ($1497, $1498, $1499, $1500, $1501, $1502, $1503, $1504, $1505, $1506, $1507), ($1508, $1509, $1510, $1511, $1512, $1513, $1514, $1515, $1516, $1517, $1518), ($1519, $1520, $1521, $1522, $1523, $1524, $1525, $1526, $1527, $1528, $1529), ($1530, $1531, $1532, $1533, $1534, $1535, $1536, $1537, $1538, $1539, $1540), ($1541, $1542, $1543, $1544, $1545, $1546, $1547, $1548, $1549, $1550, $1551), ($1552, $1553, $1554, $1555, $1556, $1557, $1558, $1559, $1560, $1561, $1562), ($1563, $1564, $1565, $1566, $1567, $1568, $1569, $1570, $1571, $1572, $1573), ($1574, $1575, $1576, $1577, $1578, $1579, $1580, $1581, $1582, $1583, $1584), ($1585, $1586, $1587, $1588, $1589, $1590, $1591, $1592, $1593, $1594, $1595), ($1596, $1597, $1598, $1599, $1600, $1601, $1602, $1603, $1604, $1605, $1606), ($1607, $1608, $1609, $1610, $1611, $1612, $1613, $1614, $1615, $1616, $1617), ($1618, $1619, $1620, $1621, $1622, $1623, $1624, $1625, $1626, $1627, $1628), ($1629, $1630, $1631, $1632, $1633, $1634, $1635, $1636, $1637, $1638, $1639), ($1640, $1641, $1642, $1643, $1644, $1645, $1646, $1647, $1648, $1649, $1650), ($1651, $1652, $1653, $1654, $1655, $1656, $1657, $1658, $1659, $1660, $1661), ($1662, $1663, $1664, $1665, $1666, $1667, $1668, $1669, $1670, $1671, $1672), ($1673, $1674, $1675, $1676, $1677, $1678, $1679, $1680, $1681, $1682, $1683), ($1684, $1685, $1686, $1687, $1688, $1689, $1690, $1691, $1692, $1693, $1694), ($1695, $1696, $1697, $1698, $1699, $1700, $1701, $1702, $1703, $1704, $1705), ($1706, $1707, $1708, $1709, $1710, $1711, $1712, $1713, $1714, $1715, $1716), ($1717, $1718, $1719, $1720, $1721, $1722, $1723, $1724, $1725, $1726, $1727), ($1728, $1729, $1730, $1731, $1732, $1733, $1734, $1735, $1736, $1737, $1738), ($1739, $1740, $1741, $1742, $1743, $1744, $1745, $1746, $1747, $1748, $1749), ($1750, $1751, $1752, $1753, $1754, $1755, $1756, $1757, $1758, $1759, $1760), ($1761, $1762, $1763, $1764, $1765, $1766, $1767, $1768, $1769, $1770, $1771), ($1772, $1773, $1774, $1775, $1776, $1777, $1778, $1779, $1780, $1781, $1782), ($1783, $1784, $1785, $1786, $1787, $1788, $1789, $1790, $1791, $1792, $1793), ($1794, $1795, $1796, $1797, $1798, $1799, $1800, $1801, $1802, $1803, $1804), ($1805, $1806, $1807, $1808, $1809, $1810, $1811, $1812, $1813, $1814, $1815), ($1816, $1817, $1818, $1819, $1820, $1821, $1822, $1823, $1824, $1825, $1826), ($1827, $1828, $1829, $1830, $1831, $1832, $1833, $1834, $1835, $1836, $1837), ($1838, $1839, $1840, $1841, $1842, $1843, $1844, $1845, $1846, $1847, $1848), ($1849, $1850, $1851, $1852, $1853, $1854, $1855, $1856, $1857, $1858, $1859), ($1860, $1861, $1862, $1863, $1864, $1865, $1866, $1867, $1868, $1869, $1870), ($1871, $1872, $1873, $1874, $1875, $1876, $1877, $1878, $1879, $1880, $1881), ($1882, $1883, $1884, $1885, $1886, $1887, $1888, $1889, $1890, $1891, $1892), ($1893, $1894, $1895, $1896, $1897, $1898, $1899, $1900, $1901, $1902, $1903), ($1904, $1905, $1906, $1907, $1908, $1909, $1910, $1911, $1912, $1913, $1914), ($1915, $1916, $1917, $1918, $1919, $1920, $1921, $1922, $1923, $1924, $1925), ($1926, $1927, $1928, $1929, $1930, $1931, $1932, $1933, $1934, $1935, $1936), ($1937, $1938, $1939, $1940, $1941, $1942, $1943, $1944, $1945, $1946, $1947), ($1948, $1949, $1950, $1951, $1952, $1953, $1954, $1955, $1956, $1957, $1958), ($1959, $1960, $1961, $1962, $1963, $1964, $1965, $1966, $1967, $1968, $1969), ($1970, $1971, $1972, $1973, $1974, $1975, $1976, $1977, $1978, $1979, $1980), ($1981, $1982, $1983, $1984, $1985, $1986, $1987, $1988, $1989, $1990, $1991), ($1992, $1993, $1994, $1995, $1996, $1997, $1998, $1999, $2000, $2001, $2002), ($2003, $2004, $2005, $2006, $2007, $2008, $2009, $2010, $2011, $2012, $2013), ($2014, $2015, $2016, $2017, $2018, $2019, $2020, $2021, $2022, $2023, $2024), ($2025, $2026, $2027, $2028, $2029, $2030, $2031, $2032, $2033, $2034, $2035), ($2036, $2037, $2038, $2039, $2040, $2041, $2042, $2043, $2044, $2045, $2046), ($2047, $2048, $2049, $2050, $2051, $2052, $2053, $2054, $2055, $2056, $2057), ($2058, $2059, $2060, $2061, $2062, $2063, $2064, $2065, $2066, $2067, $2068), ($2069, $2070, $2071, $2072, $2073, $2074, $2075, $2076, $2077, $2078, $2079), ($2080, $2081, $2082, $2083, $2084, $2085, $2086, $2087, $2088, $2089, $2090), ($2091, $2092, $2093, $2094, $2095, $2096, $2097, $2098, $2099, $2100, $2101), ($2102, $2103, $2104, $2105, $2106, $2107, $2108, $2109, $2110, $2111, $2112), ($2113, $2114, $2115, $2116, $2117, $2118, $2119, $2120, $2121, $2122, $2123), ($2124, $2125, $2126, $2127, $2128, $2129, $2130, $2131, $2132, $2133, $2134), ($2135, $2136, $2137, $2138, $2139, $2140, $2141, $2142, $2143, $2144, $2145), ($2146, $2147, $2148, $2149, $2150, $2151, $2152, $2153, $2154, $2155, $2156), ($2157, $2158, $2159, $2160, $2161, $2162, $2163, $2164, $2165, $2166, $2167), ($2168, $2169, $2170, $2171, $2172, $2173, $2174, $2175, $2176, $2177, $2178), ($2179, $2180, $2181, $2182, $2183, $2184, $2185, $2186, $2187, $2188, $2189), ($2190, $2191, $2192, $2193, $2194, $2195, $2196, $2197, $2198, $2199, $2200), ($2201, $2202, $2203, $2204, $2205, $2206, $2207, $2208, $2209, $2210, $2211), ($2212, $2213, $2214, $2215, $2216, $2217, $2218, $2219, $2220, $2221, $2222), ($2223, $2224, $2225, $2226, $2227, $2228, $2229, $2230, $2231, $2232, $2233), ($2234, $2235, $2236, $2237, $2238, $2239, $2240, $2241, $2242, $2243, $2244), ($2245, $2246, $2247, $2248, $2249, $2250, $2251, $2252, $2253, $2254, $2255), ($2256, $2257, $2258, $2259, $2260, $2261, $2262, $2263, $2264, $2265, $2266), ($2267, $2268, $2269, $2270, $2271, $2272, $2273, $2274, $2275, $2276, $2277), ($2278, $2279, $2280, $2281, $2282, $2283, $2284, $2285, $2286, $2287, $2288), ($2289, $2290, $2291, $2292, $2293, $2294, $2295, $2296, $2297, $2298, $2299), ($2300, $2301, $2302, $2303, $2304, $2305, $2306, $2307, $2308, $2309, $2310), ($2311, $2312, $2313, $2314, $2315, $2316, $2317, $2318, $2319, $2320, $2321), ($2322, $2323, $2324, $2325, $2326, $2327, $2328, $2329, $2330, $2331, $2332), ($2333, $2334, $2335, $2336, $2337, $2338, $2339, $2340, $2341, $2342, $2343), ($2344, $2345, $2346, $2347, $2348, $2349, $2350, $2351, $2352, $2353, $2354), ($2355, $2356, $2357, $2358, $2359, $2360, $2361, $2362, $2363, $2364, $2365), ($2366, $2367, $2368, $2369, $2370, $2371, $2372, $2373, $2374, $2375, $2376), ($2377, $2378, $2379, $2380, $2381, $2382, $2383, $2384, $2385, $2386, $2387), ($2388, $2389, $2390, $2391, $2392, $2393, $2394, $2395, $2396, $2397, $2398), ($2399, $2400, $2401, $2402, $2403, $2404, $2405, $2406, $2407, $2408, $2409), ($2410, $2411, $2412, $2413, $2414, $2415, $2416, $2417, $2418, $2419, $2420), ($2421, $2422, $2423, $2424, $2425, $2426, $2427, $2428, $2429, $2430, $2431), ($2432, $2433, $2434, $2435, $2436, $2437, $2438, $2439, $2440, $2441, $2442), ($2443, $2444, $2445, $2446, $2447, $2448, $2449, $2450, $2451, $2452, $2453), ($2454, $2455, $2456, $2457, $2458, $2459, $2460, $2461, $2462, $2463, $2464), ($2465, $2466, $2467, $2468, $2469, $2470, $2471, $2472, $2473, $2474, $2475), ($2476, $2477, $2478, $2479, $2480, $2481, $2482, $2483, $2484, $2485, $2486), ($2487, $2488, $2489, $2490, $2491, $2492, $2493, $2494, $2495, $2496, $2497), ($2498, $2499, $2500, $2501, $2502, $2503, $2504, $2505, $2506, $2507, $2508), ($2509, $2510, $2511, $2512, $2513, $2514, $2515, $2516, $2517, $2518, $2519), ($2520, $2521, $2522, $2523, $2524, $2525, $2526, $2527, $2528, $2529, $2530), ($2531, $2532, $2533, $2534, $2535, $2536, $2537, $2538, $2539, $2540, $2541), ($2542, $2543, $2544, $2545, $2546, $2547, $2548, $2549, $2550, $2551, $2552), ($2553, $2554, $2555, $2556, $2557, $2558, $2559, $2560, $2561, $2562, $2563), ($2564, $2565, $2566, $2567, $2568, $2569, $2570, $2571, $2572, $2573, $2574), ($2575, $2576, $2577, $2578, $2579, $2580, $2581, $2582, $2583, $2584, $2585), ($2586, $2587, $2588, $2589, $2590, $2591, $2592, $2593, $2594, $2595, $2596), ($2597, $2598, $2599, $2600, $2601, $2602, $2603, $2604, $2605, $2606, $2607), ($2608, $2609, $2610, $2611, $2612, $2613, $2614, $2615, $2616, $2617, $2618), ($2619, $2620, $2621, $2622, $2623, $2624, $2625, $2626, $2627, $2628, $2629), ($2630, $2631, $2632, $2633, $2634, $2635, $2636, $2637, $2638, $2639, $2640), ($2641, $2642, $2643, $2644, $2645, $2646, $2647, $2648, $2649, $2650, $2651), ($2652, $2653, $2654, $2655, $2656, $2657, $2658, $2659, $2660, $2661, $2662), ($2663, $2664, $2665, $2666, $2667, $2668, $2669, $2670, $2671, $2672, $2673), ($2674, $2675, $2676, $2677, $2678, $2679, $2680, $2681, $2682, $2683, $2684), ($2685, $2686, $2687, $2688, $2689, $2690, $2691, $2692, $2693, $2694, $2695), ($2696, $2697, $2698, $2699, $2700, $2701, $2702, $2703, $2704, $2705, $2706), ($2707, $2708, $2709, $2710, $2711, $2712, $2713, $2714, $2715, $2716, $2717), ($2718, $2719, $2720, $2721, $2722, $2723, $2724, $2725, $2726, $2727, $2728), ($2729, $2730, $2731, $2732, $2733, $2734, $2735, $2736, $2737, $2738, $2739), ($2740, $2741, $2742, $2743, $2744, $2745, $2746, $2747, $2748, $2749, $2750) ON CONFLICT (router_id, router_log_id) WHERE router_log_id IS NOT NULL DO UPDATE SET router_time = EXCLUDED.router_time, topics = EXCLUDED.topics, level = EXCLUDED.level, message = EXCLUDED.message, logged_at = EXCLUDED.logged_at, updated_at = EXCLUDED.updated_at\n" [3mrows_affected[0m[2m=[0m250 [3mrows_returned[0m[2m=[0m0 [3melapsed[0m[2m=[0m2.263398288s [3melapsed_secs[0m[2m=[0m2.263398288 [3mslow_threshold[0m[2m=[0m1s
[2m2026-06-11T03:54:35.490827Z[0m [32m INFO[0m [2msaas_tauri_lib::services::mikrotik_service[0m[2m:[0m [MikrotikPoller] DEV Router (103.190.112.210) polled in 5369ms
[2m2026-06-11T03:54:42.965858Z[0m [33m WARN[0m [2msaas_tauri_lib::services::mikrotik_service[0m[2m:[0m [MikrotikPoller] Log sync failed for Xtrabit (103.190.112.213): Internal error: Protocol error: Sentence error: Invalid prefix length
[2m2026-06-11T03:54:43.016485Z[0m [32m INFO[0m [2msaas_tauri_lib::services::mikrotik_service[0m[2m:[0m [MikrotikPoller] Xtrabit (103.190.112.213) polled in 7525ms
[2m2026-06-11T03:54:43.416111Z[0m [32m INFO[0m [2msaas_tauri_lib::services::mikrotik_service[0m[2m:[0m [MikrotikPoller] Metrics cleanup done: deleted interface=4288 router=268 (retention=14d)
[2m2026-06-11T03:59:37.860457Z[0m [33m WARN[0m [2msaas_tauri_lib::services::mikrotik_service[0m[2m:[0m [MikrotikPoller] Log sync failed for Xtrabit (103.190.112.213): Internal error: Protocol error: Sentence error: Invalid prefix length
[2m2026-06-11T03:59:37.908218Z[0m [32m INFO[0m [2msaas_tauri_lib::services::mikrotik_service[0m[2m:[0m [MikrotikPoller] Xtrabit (103.190.112.213) polled in 8218ms
[2m2026-06-11T03:59:40.800075Z[0m [32m INFO[0m [2msaas_tauri_lib::services::mikrotik_service[0m[2m:[0m [MikrotikPoller] DEV Router (103.190.112.210) polled in 2891ms
[2m2026-06-11T04:04:32.363143Z[0m [32m INFO[0m [2msaas_tauri_lib::services::mikrotik_service[0m[2m:[0m [MikrotikPoller] DEV Router (103.190.112.210) polled in 2677ms
[2m2026-06-11T04:04:39.856156Z[0m [33m WARN[0m [2msaas_tauri_lib::services::mikrotik_service[0m[2m:[0m [MikrotikPoller] Log sync failed for Xtrabit (103.190.112.213): Internal error: Protocol error: Sentence error: Invalid prefix length
[2m2026-06-11T04:04:39.906130Z[0m [32m INFO[0m [2msaas_tauri_lib::services::mikrotik_service[0m[2m:[0m [MikrotikPoller] Xtrabit (103.190.112.213) polled in 7542ms
[2m2026-06-11T04:09:37.026270Z[0m [33m WARN[0m [2msaas_tauri_lib::services::mikrotik_service[0m[2m:[0m [MikrotikPoller] Log sync failed for Xtrabit (103.190.112.213): Internal error: Protocol error: Sentence error: Invalid prefix length
[2m2026-06-11T04:09:37.059348Z[0m [32m INFO[0m [2msaas_tauri_lib::services::mikrotik_service[0m[2m:[0m [MikrotikPoller] Xtrabit (103.190.112.213) polled in 7372ms
[2m2026-06-11T04:09:39.840122Z[0m [32m INFO[0m [2msaas_tauri_lib::services::mikrotik_service[0m[2m:[0m [MikrotikPoller] DEV Router (103.190.112.210) polled in 2780ms
[2m2026-06-11T04:14:19.767130Z[0m [33m WARN[0m [2msqlx::query[0m[2m:[0m slow statement: execution time exceeded alert threshold [3msummary[0m[2m=[0m"INSERT INTO radius_auth_log ( …" [3mdb.statement[0m[2m=[0m"\n\n\n            INSERT INTO radius_auth_log (\n              id, tenant_id, router_id, source_ip, username, radius_identity,\n              outcome, reason, auth_type, latency_ms, created_at\n            ) VALUES ($1,$2,$3,$4,$5,$6,$7,$8,$9,$10,$11)\n            \n" [3mrows_affected[0m[2m=[0m1 [3mrows_returned[0m[2m=[0m0 [3melapsed[0m[2m=[0m2.127267219s [3melapsed_secs[0m[2m=[0m2.127267219 [3mslow_threshold[0m[2m=[0m1s
[2m2026-06-11T04:14:32.835945Z[0m [32m INFO[0m [2msaas_tauri_lib::services::mikrotik_service[0m[2m:[0m [MikrotikPoller] DEV Router (103.190.112.210) polled in 3147ms
[2m2026-06-11T04:14:40.815187Z[0m [33m WARN[0m [2msaas_tauri_lib::services::mikrotik_service[0m[2m:[0m [MikrotikPoller] Log sync failed for Xtrabit (103.190.112.213): Internal error: Protocol error: Sentence error: Invalid prefix length
[2m2026-06-11T04:14:40.846496Z[0m [32m INFO[0m [2msaas_tauri_lib::services::mikrotik_service[0m[2m:[0m [MikrotikPoller] Xtrabit (103.190.112.213) polled in 8010ms
[2m2026-06-11T04:19:36.853981Z[0m [33m WARN[0m [2msaas_tauri_lib::services::mikrotik_service[0m[2m:[0m [MikrotikPoller] Log sync failed for Xtrabit (103.190.112.213): Internal error: Protocol error: Sentence error: Invalid prefix length
[2m2026-06-11T04:19:36.885219Z[0m [32m INFO[0m [2msaas_tauri_lib::services::mikrotik_service[0m[2m:[0m [MikrotikPoller] Xtrabit (103.190.112.213) polled in 7200ms
[2m2026-06-11T04:19:39.634540Z[0m [32m INFO[0m [2msaas_tauri_lib::services::mikrotik_service[0m[2m:[0m [MikrotikPoller] DEV Router (103.190.112.210) polled in 2749ms
[2m2026-06-11T04:24:32.447539Z[0m [32m INFO[0m [2msaas_tauri_lib::services::mikrotik_service[0m[2m:[0m [MikrotikPoller] DEV Router (103.190.112.210) polled in 2759ms
[2m2026-06-11T04:24:39.845066Z[0m [33m WARN[0m [2msaas_tauri_lib::services::mikrotik_service[0m[2m:[0m [MikrotikPoller] Log sync failed for Xtrabit (103.190.112.213): Internal error: Protocol error: Sentence error: Invalid prefix length
[2m2026-06-11T04:24:39.885267Z[0m [32m INFO[0m [2msaas_tauri_lib::services::mikrotik_service[0m[2m:[0m [MikrotikPoller] Xtrabit (103.190.112.213) polled in 7437ms
[2m2026-06-11T04:29:37.149206Z[0m [33m WARN[0m [2msaas_tauri_lib::services::mikrotik_service[0m[2m:[0m [MikrotikPoller] Log sync failed for Xtrabit (103.190.112.213): Internal error: Protocol error: Sentence error: Invalid prefix length
[2m2026-06-11T04:29:37.184834Z[0m [32m INFO[0m [2msaas_tauri_lib::services::mikrotik_service[0m[2m:[0m [MikrotikPoller] Xtrabit (103.190.112.213) polled in 7496ms
[2m2026-06-11T04:29:39.982943Z[0m [32m INFO[0m [2msaas_tauri_lib::services::mikrotik_service[0m[2m:[0m [MikrotikPoller] DEV Router (103.190.112.210) polled in 2797ms
[2m2026-06-11T04:34:32.481864Z[0m [32m INFO[0m [2msaas_tauri_lib::services::mikrotik_service[0m[2m:[0m [MikrotikPoller] DEV Router (103.190.112.210) polled in 2794ms
[2m2026-06-11T04:34:40.055146Z[0m [33m WARN[0m [2msaas_tauri_lib::services::mikrotik_service[0m[2m:[0m [MikrotikPoller] Log sync failed for Xtrabit (103.190.112.213): Internal error: Protocol error: Sentence error: Invalid prefix length
[2m2026-06-11T04:34:40.090021Z[0m [32m INFO[0m [2msaas_tauri_lib::services::mikrotik_service[0m[2m:[0m [MikrotikPoller] Xtrabit (103.190.112.213) polled in 7607ms
[2m2026-06-11T04:39:37.549359Z[0m [33m WARN[0m [2msaas_tauri_lib::services::mikrotik_service[0m[2m:[0m [MikrotikPoller] Log sync failed for Xtrabit (103.190.112.213): Internal error: Protocol error: Sentence error: Invalid prefix length
[2m2026-06-11T04:39:37.581450Z[0m [32m INFO[0m [2msaas_tauri_lib::services::mikrotik_service[0m[2m:[0m [MikrotikPoller] Xtrabit (103.190.112.213) polled in 7894ms
[2m2026-06-11T04:39:40.347534Z[0m [32m INFO[0m [2msaas_tauri_lib::services::mikrotik_service[0m[2m:[0m [MikrotikPoller] DEV Router (103.190.112.210) polled in 2765ms
[2m2026-06-11T04:44:32.494869Z[0m [32m INFO[0m [2msaas_tauri_lib::services::mikrotik_service[0m[2m:[0m [MikrotikPoller] DEV Router (103.190.112.210) polled in 2806ms
[2m2026-06-11T04:44:40.000544Z[0m [33m WARN[0m [2msaas_tauri_lib::services::mikrotik_service[0m[2m:[0m [MikrotikPoller] Log sync failed for Xtrabit (103.190.112.213): Internal error: Protocol error: Sentence error: Invalid prefix length
[2m2026-06-11T04:44:40.032554Z[0m [32m INFO[0m [2msaas_tauri_lib::services::mikrotik_service[0m[2m:[0m [MikrotikPoller] Xtrabit (103.190.112.213) polled in 7537ms
[2m2026-06-11T04:49:37.275691Z[0m [33m WARN[0m [2msaas_tauri_lib::services::mikrotik_service[0m[2m:[0m [MikrotikPoller] Log sync failed for Xtrabit (103.190.112.213): Internal error: Protocol error: Sentence error: Invalid prefix length
[2m2026-06-11T04:49:37.305513Z[0m [32m INFO[0m [2msaas_tauri_lib::services::mikrotik_service[0m[2m:[0m [MikrotikPoller] Xtrabit (103.190.112.213) polled in 7530ms
[2m2026-06-11T04:49:40.111379Z[0m [32m INFO[0m [2msaas_tauri_lib::services::mikrotik_service[0m[2m:[0m [MikrotikPoller] DEV Router (103.190.112.210) polled in 2805ms
[2m2026-06-11T04:54:32.350956Z[0m [32m INFO[0m [2msaas_tauri_lib::services::mikrotik_service[0m[2m:[0m [MikrotikPoller] DEV Router (103.190.112.210) polled in 2664ms
[2m2026-06-11T04:54:39.566095Z[0m [33m WARN[0m [2msaas_tauri_lib::services::mikrotik_service[0m[2m:[0m [MikrotikPoller] Log sync failed for Xtrabit (103.190.112.213): Internal error: Protocol error: Sentence error: Invalid prefix length
[2m2026-06-11T04:54:39.602536Z[0m [32m INFO[0m [2msaas_tauri_lib::services::mikrotik_service[0m[2m:[0m [MikrotikPoller] Xtrabit (103.190.112.213) polled in 7251ms
[2m2026-06-11T04:59:37.630629Z[0m [33m WARN[0m [2msaas_tauri_lib::services::mikrotik_service[0m[2m:[0m [MikrotikPoller] Log sync failed for Xtrabit (103.190.112.213): Internal error: Protocol error: Sentence error: Invalid prefix length
[2m2026-06-11T04:59:37.681623Z[0m [32m INFO[0m [2msaas_tauri_lib::services::mikrotik_service[0m[2m:[0m [MikrotikPoller] Xtrabit (103.190.112.213) polled in 7993ms
[2m2026-06-11T04:59:40.436509Z[0m [32m INFO[0m [2msaas_tauri_lib::services::mikrotik_service[0m[2m:[0m [MikrotikPoller] DEV Router (103.190.112.210) polled in 2754ms
[2m2026-06-11T04:59:40.661456Z[0m [32m INFO[0m [2msaas_tauri_lib::services::mikrotik_service[0m[2m:[0m [MikrotikPoller] Metrics cleanup done: deleted interface=416 router=26 (retention=14d)
[2m2026-06-11T05:04:32.395927Z[0m [32m INFO[0m [2msaas_tauri_lib::services::mikrotik_service[0m[2m:[0m [MikrotikPoller] DEV Router (103.190.112.210) polled in 2709ms
[2m2026-06-11T05:04:39.591841Z[0m [33m WARN[0m [2msaas_tauri_lib::services::mikrotik_service[0m[2m:[0m [MikrotikPoller] Log sync failed for Xtrabit (103.190.112.213): Internal error: Protocol error: Sentence error: Invalid prefix length
[2m2026-06-11T05:04:39.640027Z[0m [32m INFO[0m [2msaas_tauri_lib::services::mikrotik_service[0m[2m:[0m [MikrotikPoller] Xtrabit (103.190.112.213) polled in 7243ms
[2m2026-06-11T05:09:37.630228Z[0m [33m WARN[0m [2msaas_tauri_lib::services::mikrotik_service[0m[2m:[0m [MikrotikPoller] Log sync failed for Xtrabit (103.190.112.213): Internal error: Protocol error: Sentence error: Invalid prefix length
[2m2026-06-11T05:09:37.662045Z[0m [32m INFO[0m [2msaas_tauri_lib::services::mikrotik_service[0m[2m:[0m [MikrotikPoller] Xtrabit (103.190.112.213) polled in 7976ms
[2m2026-06-11T05:09:40.370505Z[0m [32m INFO[0m [2msaas_tauri_lib::services::mikrotik_service[0m[2m:[0m [MikrotikPoller] DEV Router (103.190.112.210) polled in 2708ms
[2m2026-06-11T05:14:32.430113Z[0m [32m INFO[0m [2msaas_tauri_lib::services::mikrotik_service[0m[2m:[0m [MikrotikPoller] DEV Router (103.190.112.210) polled in 2739ms
[2m2026-06-11T05:14:40.080935Z[0m [33m WARN[0m [2msaas_tauri_lib::services::mikrotik_service[0m[2m:[0m [MikrotikPoller] Log sync failed for Xtrabit (103.190.112.213): Internal error: Protocol error: Sentence error: Invalid prefix length
[2m2026-06-11T05:14:40.111799Z[0m [32m INFO[0m [2msaas_tauri_lib::services::mikrotik_service[0m[2m:[0m [MikrotikPoller] Xtrabit (103.190.112.213) polled in 7681ms
[2m2026-06-11T05:19:37.280889Z[0m [33m WARN[0m [2msaas_tauri_lib::services::mikrotik_service[0m[2m:[0m [MikrotikPoller] Log sync failed for Xtrabit (103.190.112.213): Internal error: Protocol error: Sentence error: Invalid prefix length
[2m2026-06-11T05:19:37.313971Z[0m [32m INFO[0m [2msaas_tauri_lib::services::mikrotik_service[0m[2m:[0m [MikrotikPoller] Xtrabit (103.190.112.213) polled in 7628ms
[2m2026-06-11T05:19:40.259776Z[0m [32m INFO[0m [2msaas_tauri_lib::services::mikrotik_service[0m[2m:[0m [MikrotikPoller] DEV Router (103.190.112.210) polled in 2945ms
[2m2026-06-11T05:24:32.408148Z[0m [32m INFO[0m [2msaas_tauri_lib::services::mikrotik_service[0m[2m:[0m [MikrotikPoller] DEV Router (103.190.112.210) polled in 2722ms
[2m2026-06-11T05:24:39.706487Z[0m [33m WARN[0m [2msaas_tauri_lib::services::mikrotik_service[0m[2m:[0m [MikrotikPoller] Log sync failed for Xtrabit (103.190.112.213): Internal error: Protocol error: Sentence error: Invalid prefix length
[2m2026-06-11T05:24:39.742085Z[0m [32m INFO[0m [2msaas_tauri_lib::services::mikrotik_service[0m[2m:[0m [MikrotikPoller] Xtrabit (103.190.112.213) polled in 7333ms
[2m2026-06-11T05:29:37.101456Z[0m [33m WARN[0m [2msaas_tauri_lib::services::mikrotik_service[0m[2m:[0m [MikrotikPoller] Log sync failed for Xtrabit (103.190.112.213): Internal error: Protocol error: Sentence error: Invalid prefix length
[2m2026-06-11T05:29:37.161723Z[0m [32m INFO[0m [2msaas_tauri_lib::services::mikrotik_service[0m[2m:[0m [MikrotikPoller] Xtrabit (103.190.112.213) polled in 7473ms
[2m2026-06-11T05:29:40.001409Z[0m [32m INFO[0m [2msaas_tauri_lib::services::mikrotik_service[0m[2m:[0m [MikrotikPoller] DEV Router (103.190.112.210) polled in 2839ms
[2m2026-06-11T05:34:32.774314Z[0m [32m INFO[0m [2msaas_tauri_lib::services::mikrotik_service[0m[2m:[0m [MikrotikPoller] DEV Router (103.190.112.210) polled in 2821ms
[2m2026-06-11T05:34:40.245149Z[0m [33m WARN[0m [2msaas_tauri_lib::services::mikrotik_service[0m[2m:[0m [MikrotikPoller] Log sync failed for Xtrabit (103.190.112.213): Internal error: Protocol error: Sentence error: Invalid prefix length
[2m2026-06-11T05:34:40.281668Z[0m [32m INFO[0m [2msaas_tauri_lib::services::mikrotik_service[0m[2m:[0m [MikrotikPoller] Xtrabit (103.190.112.213) polled in 7507ms
[2m2026-06-11T05:39:36.662961Z[0m [33m WARN[0m [2msaas_tauri_lib::services::mikrotik_service[0m[2m:[0m [MikrotikPoller] Log sync failed for Xtrabit (103.190.112.213): Internal error: Protocol error: Sentence error: Invalid prefix length
[2m2026-06-11T05:39:36.706024Z[0m [32m INFO[0m [2msaas_tauri_lib::services::mikrotik_service[0m[2m:[0m [MikrotikPoller] Xtrabit (103.190.112.213) polled in 7018ms
[2m2026-06-11T05:39:39.521239Z[0m [32m INFO[0m [2msaas_tauri_lib::services::mikrotik_service[0m[2m:[0m [MikrotikPoller] DEV Router (103.190.112.210) polled in 2814ms
[2m2026-06-11T05:44:32.400734Z[0m [32m INFO[0m [2msaas_tauri_lib::services::mikrotik_service[0m[2m:[0m [MikrotikPoller] DEV Router (103.190.112.210) polled in 2713ms
[2m2026-06-11T05:44:39.981988Z[0m [33m WARN[0m [2msaas_tauri_lib::services::mikrotik_service[0m[2m:[0m [MikrotikPoller] Log sync failed for Xtrabit (103.190.112.213): Internal error: Protocol error: Sentence error: Invalid prefix length
[2m2026-06-11T05:44:40.009806Z[0m [32m INFO[0m [2msaas_tauri_lib::services::mikrotik_service[0m[2m:[0m [MikrotikPoller] Xtrabit (103.190.112.213) polled in 7608ms
[2m2026-06-11T05:49:37.128594Z[0m [33m WARN[0m [2msaas_tauri_lib::services::mikrotik_service[0m[2m:[0m [MikrotikPoller] Log sync failed for Xtrabit (103.190.112.213): Internal error: Protocol error: Sentence error: Invalid prefix length
[2m2026-06-11T05:49:37.161096Z[0m [32m INFO[0m [2msaas_tauri_lib::services::mikrotik_service[0m[2m:[0m [MikrotikPoller] Xtrabit (103.190.112.213) polled in 7476ms
[2m2026-06-11T05:49:39.896886Z[0m [32m INFO[0m [2msaas_tauri_lib::services::mikrotik_service[0m[2m:[0m [MikrotikPoller] DEV Router (103.190.112.210) polled in 2735ms
[2m2026-06-11T05:54:32.494299Z[0m [32m INFO[0m [2msaas_tauri_lib::services::mikrotik_service[0m[2m:[0m [MikrotikPoller] DEV Router (103.190.112.210) polled in 2806ms
[2m2026-06-11T05:54:39.944859Z[0m [33m WARN[0m [2msaas_tauri_lib::services::mikrotik_service[0m[2m:[0m [MikrotikPoller] Log sync failed for Xtrabit (103.190.112.213): Internal error: Protocol error: Sentence error: Invalid prefix length
[2m2026-06-11T05:54:39.976009Z[0m [32m INFO[0m [2msaas_tauri_lib::services::mikrotik_service[0m[2m:[0m [MikrotikPoller] Xtrabit (103.190.112.213) polled in 7481ms
[2m2026-06-11T05:59:36.975070Z[0m [33m WARN[0m [2msaas_tauri_lib::services::mikrotik_service[0m[2m:[0m [MikrotikPoller] Log sync failed for Xtrabit (103.190.112.213): Internal error: Protocol error: Sentence error: Invalid prefix length
[2m2026-06-11T05:59:37.006587Z[0m [32m INFO[0m [2msaas_tauri_lib::services::mikrotik_service[0m[2m:[0m [MikrotikPoller] Xtrabit (103.190.112.213) polled in 7089ms
[2m2026-06-11T05:59:39.805874Z[0m [32m INFO[0m [2msaas_tauri_lib::services::mikrotik_service[0m[2m:[0m [MikrotikPoller] DEV Router (103.190.112.210) polled in 2799ms
[2m2026-06-11T06:04:32.572411Z[0m [32m INFO[0m [2msaas_tauri_lib::services::mikrotik_service[0m[2m:[0m [MikrotikPoller] DEV Router (103.190.112.210) polled in 2888ms
[2m2026-06-11T06:04:39.604177Z[0m [33m WARN[0m [2msaas_tauri_lib::services::mikrotik_service[0m[2m:[0m [MikrotikPoller] Log sync failed for Xtrabit (103.190.112.213): Internal error: Protocol error: Sentence error: Invalid prefix length
[2m2026-06-11T06:04:39.641861Z[0m [32m INFO[0m [2msaas_tauri_lib::services::mikrotik_service[0m[2m:[0m [MikrotikPoller] Xtrabit (103.190.112.213) polled in 7069ms
[2m2026-06-11T06:04:39.683806Z[0m [32m INFO[0m [2msaas_tauri_lib::services::mikrotik_service[0m[2m:[0m [MikrotikPoller] Metrics cleanup done: deleted interface=416 router=26 (retention=14d)
[2m2026-06-11T06:09:37.054211Z[0m [33m WARN[0m [2msaas_tauri_lib::services::mikrotik_service[0m[2m:[0m [MikrotikPoller] Log sync failed for Xtrabit (103.190.112.213): Internal error: Protocol error: Sentence error: Invalid prefix length
[2m2026-06-11T06:09:37.095665Z[0m [32m INFO[0m [2msaas_tauri_lib::services::mikrotik_service[0m[2m:[0m [MikrotikPoller] Xtrabit (103.190.112.213) polled in 7409ms
[2m2026-06-11T06:09:39.824194Z[0m [32m INFO[0m [2msaas_tauri_lib::services::mikrotik_service[0m[2m:[0m [MikrotikPoller] DEV Router (103.190.112.210) polled in 2728ms
[2m2026-06-11T06:14:32.646104Z[0m [32m INFO[0m [2msaas_tauri_lib::services::mikrotik_service[0m[2m:[0m [MikrotikPoller] DEV Router (103.190.112.210) polled in 2801ms
[2m2026-06-11T06:14:40.114110Z[0m [33m WARN[0m [2msaas_tauri_lib::services::mikrotik_service[0m[2m:[0m [MikrotikPoller] Log sync failed for Xtrabit (103.190.112.213): Internal error: Protocol error: Sentence error: Invalid prefix length
[2m2026-06-11T06:14:40.149934Z[0m [32m INFO[0m [2msaas_tauri_lib::services::mikrotik_service[0m[2m:[0m [MikrotikPoller] Xtrabit (103.190.112.213) polled in 7503ms
[2m2026-06-11T06:19:37.174303Z[0m [33m WARN[0m [2msaas_tauri_lib::services::mikrotik_service[0m[2m:[0m [MikrotikPoller] Log sync failed for Xtrabit (103.190.112.213): Internal error: Protocol error: Sentence error: Invalid prefix length
[2m2026-06-11T06:19:37.206026Z[0m [32m INFO[0m [2msaas_tauri_lib::services::mikrotik_service[0m[2m:[0m [MikrotikPoller] Xtrabit (103.190.112.213) polled in 7517ms
[2m2026-06-11T06:19:40.086220Z[0m [32m INFO[0m [2msaas_tauri_lib::services::mikrotik_service[0m[2m:[0m [MikrotikPoller] DEV Router (103.190.112.210) polled in 2879ms
[2m2026-06-11T06:24:32.501166Z[0m [32m INFO[0m [2msaas_tauri_lib::services::mikrotik_service[0m[2m:[0m [MikrotikPoller] DEV Router (103.190.112.210) polled in 2813ms
[2m2026-06-11T06:24:40.623314Z[0m [33m WARN[0m [2msaas_tauri_lib::services::mikrotik_service[0m[2m:[0m [MikrotikPoller] Log sync failed for Xtrabit (103.190.112.213): Internal error: Protocol error: Sentence error: Invalid prefix length
[2m2026-06-11T06:24:40.651436Z[0m [32m INFO[0m [2msaas_tauri_lib::services::mikrotik_service[0m[2m:[0m [MikrotikPoller] Xtrabit (103.190.112.213) polled in 8149ms
[2m2026-06-11T06:29:37.632341Z[0m [33m WARN[0m [2msaas_tauri_lib::services::mikrotik_service[0m[2m:[0m [MikrotikPoller] Log sync failed for Xtrabit (103.190.112.213): Internal error: Protocol error: Sentence error: Invalid prefix length
[2m2026-06-11T06:29:37.661272Z[0m [32m INFO[0m [2msaas_tauri_lib::services::mikrotik_service[0m[2m:[0m [MikrotikPoller] Xtrabit (103.190.112.213) polled in 7974ms
[2m2026-06-11T06:29:40.368099Z[0m [32m INFO[0m [2msaas_tauri_lib::services::mikrotik_service[0m[2m:[0m [MikrotikPoller] DEV Router (103.190.112.210) polled in 2706ms
[2m2026-06-11T06:34:32.582689Z[0m [32m INFO[0m [2msaas_tauri_lib::services::mikrotik_service[0m[2m:[0m [MikrotikPoller] DEV Router (103.190.112.210) polled in 2895ms
[2m2026-06-11T06:34:40.578647Z[0m [33m WARN[0m [2msaas_tauri_lib::services::mikrotik_service[0m[2m:[0m [MikrotikPoller] Log sync failed for Xtrabit (103.190.112.213): Internal error: Protocol error: Sentence error: Invalid prefix length
[2m2026-06-11T06:34:40.614903Z[0m [32m INFO[0m [2msaas_tauri_lib::services::mikrotik_service[0m[2m:[0m [MikrotikPoller] Xtrabit (103.190.112.213) polled in 8025ms
[2m2026-06-11T06:39:37.174499Z[0m [33m WARN[0m [2msaas_tauri_lib::services::mikrotik_service[0m[2m:[0m [MikrotikPoller] Log sync failed for Xtrabit (103.190.112.213): Internal error: Protocol error: Sentence error: Invalid prefix length
[2m2026-06-11T06:39:37.212920Z[0m [32m INFO[0m [2msaas_tauri_lib::services::mikrotik_service[0m[2m:[0m [MikrotikPoller] Xtrabit (103.190.112.213) polled in 7525ms
[2m2026-06-11T06:39:40.267880Z[0m [32m INFO[0m [2msaas_tauri_lib::services::mikrotik_service[0m[2m:[0m [MikrotikPoller] DEV Router (103.190.112.210) polled in 3054ms
[2m2026-06-11T06:44:32.398211Z[0m [32m INFO[0m [2msaas_tauri_lib::services::mikrotik_service[0m[2m:[0m [MikrotikPoller] DEV Router (103.190.112.210) polled in 2713ms
[2m2026-06-11T06:44:39.678706Z[0m [33m WARN[0m [2msaas_tauri_lib::services::mikrotik_service[0m[2m:[0m [MikrotikPoller] Log sync failed for Xtrabit (103.190.112.213): Internal error: Protocol error: Sentence error: Invalid prefix length
[2m2026-06-11T06:44:39.724242Z[0m [32m INFO[0m [2msaas_tauri_lib::services::mikrotik_service[0m[2m:[0m [MikrotikPoller] Xtrabit (103.190.112.213) polled in 7325ms
[2m2026-06-11T06:49:36.932493Z[0m [33m WARN[0m [2msaas_tauri_lib::services::mikrotik_service[0m[2m:[0m [MikrotikPoller] Log sync failed for Xtrabit (103.190.112.213): Internal error: Protocol error: Sentence error: Invalid prefix length
[2m2026-06-11T06:49:36.982463Z[0m [32m INFO[0m [2msaas_tauri_lib::services::mikrotik_service[0m[2m:[0m [MikrotikPoller] Xtrabit (103.190.112.213) polled in 7295ms
[2m2026-06-11T06:49:39.721253Z[0m [32m INFO[0m [2msaas_tauri_lib::services::mikrotik_service[0m[2m:[0m [MikrotikPoller] DEV Router (103.190.112.210) polled in 2738ms
[2m2026-06-11T06:54:32.511779Z[0m [32m INFO[0m [2msaas_tauri_lib::services::mikrotik_service[0m[2m:[0m [MikrotikPoller] DEV Router (103.190.112.210) polled in 2823ms
[2m2026-06-11T06:54:39.717706Z[0m [33m WARN[0m [2msaas_tauri_lib::services::mikrotik_service[0m[2m:[0m [MikrotikPoller] Log sync failed for Xtrabit (103.190.112.213): Internal error: Protocol error: Sentence error: Invalid prefix length
[2m2026-06-11T06:54:39.748658Z[0m [32m INFO[0m [2msaas_tauri_lib::services::mikrotik_service[0m[2m:[0m [MikrotikPoller] Xtrabit (103.190.112.213) polled in 7236ms
[2m2026-06-11T06:59:36.671236Z[0m [33m WARN[0m [2msaas_tauri_lib::services::mikrotik_service[0m[2m:[0m [MikrotikPoller] Log sync failed for Xtrabit (103.190.112.213): Internal error: Protocol error: Sentence error: Invalid prefix length
[2m2026-06-11T06:59:36.706287Z[0m [32m INFO[0m [2msaas_tauri_lib::services::mikrotik_service[0m[2m:[0m [MikrotikPoller] Xtrabit (103.190.112.213) polled in 7018ms
[2m2026-06-11T06:59:39.466152Z[0m [32m INFO[0m [2msaas_tauri_lib::services::mikrotik_service[0m[2m:[0m [MikrotikPoller] DEV Router (103.190.112.210) polled in 2759ms
[2m2026-06-11T07:04:32.539431Z[0m [32m INFO[0m [2msaas_tauri_lib::services::mikrotik_service[0m[2m:[0m [MikrotikPoller] DEV Router (103.190.112.210) polled in 2697ms
[2m2026-06-11T07:04:39.916051Z[0m [33m WARN[0m [2msaas_tauri_lib::services::mikrotik_service[0m[2m:[0m [MikrotikPoller] Log sync failed for Xtrabit (103.190.112.213): Internal error: Protocol error: Sentence error: Invalid prefix length
[2m2026-06-11T07:04:39.950880Z[0m [32m INFO[0m [2msaas_tauri_lib::services::mikrotik_service[0m[2m:[0m [MikrotikPoller] Xtrabit (103.190.112.213) polled in 7411ms
[2m2026-06-11T07:04:40.002543Z[0m [32m INFO[0m [2msaas_tauri_lib::services::mikrotik_service[0m[2m:[0m [MikrotikPoller] Metrics cleanup done: deleted interface=384 router=24 (retention=14d)
[2m2026-06-11T07:09:37.154698Z[0m [33m WARN[0m [2msaas_tauri_lib::services::mikrotik_service[0m[2m:[0m [MikrotikPoller] Log sync failed for Xtrabit (103.190.112.213): Internal error: Protocol error: Sentence error: Invalid prefix length
[2m2026-06-11T07:09:37.198997Z[0m [32m INFO[0m [2msaas_tauri_lib::services::mikrotik_service[0m[2m:[0m [MikrotikPoller] Xtrabit (103.190.112.213) polled in 7513ms
[2m2026-06-11T07:09:39.934105Z[0m [32m INFO[0m [2msaas_tauri_lib::services::mikrotik_service[0m[2m:[0m [MikrotikPoller] DEV Router (103.190.112.210) polled in 2734ms
[2m2026-06-11T07:14:32.639074Z[0m [32m INFO[0m [2msaas_tauri_lib::services::mikrotik_service[0m[2m:[0m [MikrotikPoller] DEV Router (103.190.112.210) polled in 2800ms
[2m2026-06-11T07:14:39.862960Z[0m [33m WARN[0m [2msaas_tauri_lib::services::mikrotik_service[0m[2m:[0m [MikrotikPoller] Log sync failed for Xtrabit (103.190.112.213): Internal error: Protocol error: Sentence error: Invalid prefix length
[2m2026-06-11T07:14:39.894301Z[0m [32m INFO[0m [2msaas_tauri_lib::services::mikrotik_service[0m[2m:[0m [MikrotikPoller] Xtrabit (103.190.112.213) polled in 7255ms
[2m2026-06-11T07:19:37.368440Z[0m [33m WARN[0m [2msaas_tauri_lib::services::mikrotik_service[0m[2m:[0m [MikrotikPoller] Log sync failed for Xtrabit (103.190.112.213): Internal error: Protocol error: Sentence error: Invalid prefix length
[2m2026-06-11T07:19:37.410109Z[0m [32m INFO[0m [2msaas_tauri_lib::services::mikrotik_service[0m[2m:[0m [MikrotikPoller] Xtrabit (103.190.112.213) polled in 7723ms
[2m2026-06-11T07:19:40.291561Z[0m [32m INFO[0m [2msaas_tauri_lib::services::mikrotik_service[0m[2m:[0m [MikrotikPoller] DEV Router (103.190.112.210) polled in 2881ms
[2m2026-06-11T07:24:32.595565Z[0m [32m INFO[0m [2msaas_tauri_lib::services::mikrotik_service[0m[2m:[0m [MikrotikPoller] DEV Router (103.190.112.210) polled in 2907ms
[2m2026-06-11T07:24:39.593205Z[0m [33m WARN[0m [2msaas_tauri_lib::services::mikrotik_service[0m[2m:[0m [MikrotikPoller] Log sync failed for Xtrabit (103.190.112.213): Internal error: Protocol error: Sentence error: Invalid prefix length
[2m2026-06-11T07:24:39.629176Z[0m [32m INFO[0m [2msaas_tauri_lib::services::mikrotik_service[0m[2m:[0m [MikrotikPoller] Xtrabit (103.190.112.213) polled in 7033ms
[2m2026-06-11T07:29:37.299592Z[0m [33m WARN[0m [2msaas_tauri_lib::services::mikrotik_service[0m[2m:[0m [MikrotikPoller] Log sync failed for Xtrabit (103.190.112.213): Internal error: Protocol error: Sentence error: Invalid prefix length
[2m2026-06-11T07:29:37.335024Z[0m [32m INFO[0m [2msaas_tauri_lib::services::mikrotik_service[0m[2m:[0m [MikrotikPoller] Xtrabit (103.190.112.213) polled in 7647ms
[2m2026-06-11T07:29:40.070856Z[0m [32m INFO[0m [2msaas_tauri_lib::services::mikrotik_service[0m[2m:[0m [MikrotikPoller] DEV Router (103.190.112.210) polled in 2735ms
[2m2026-06-11T07:34:32.691443Z[0m [32m INFO[0m [2msaas_tauri_lib::services::mikrotik_service[0m[2m:[0m [MikrotikPoller] DEV Router (103.190.112.210) polled in 3004ms
[2m2026-06-11T07:34:40.092591Z[0m [33m WARN[0m [2msaas_tauri_lib::services::mikrotik_service[0m[2m:[0m [MikrotikPoller] Log sync failed for Xtrabit (103.190.112.213): Internal error: Protocol error: Sentence error: Invalid prefix length
[2m2026-06-11T07:34:40.126982Z[0m [32m INFO[0m [2msaas_tauri_lib::services::mikrotik_service[0m[2m:[0m [MikrotikPoller] Xtrabit (103.190.112.213) polled in 7435ms
[2m2026-06-11T07:39:37.101944Z[0m [33m WARN[0m [2msaas_tauri_lib::services::mikrotik_service[0m[2m:[0m [MikrotikPoller] Log sync failed for Xtrabit (103.190.112.213): Internal error: Protocol error: Sentence error: Invalid prefix length
[2m2026-06-11T07:39:37.140149Z[0m [32m INFO[0m [2msaas_tauri_lib::services::mikrotik_service[0m[2m:[0m [MikrotikPoller] Xtrabit (103.190.112.213) polled in 7453ms
[2m2026-06-11T07:39:40.024633Z[0m [32m INFO[0m [2msaas_tauri_lib::services::mikrotik_service[0m[2m:[0m [MikrotikPoller] DEV Router (103.190.112.210) polled in 2884ms
[2m2026-06-11T07:44:32.401011Z[0m [32m INFO[0m [2msaas_tauri_lib::services::mikrotik_service[0m[2m:[0m [MikrotikPoller] DEV Router (103.190.112.210) polled in 2711ms
[2m2026-06-11T07:44:39.514091Z[0m [33m WARN[0m [2msaas_tauri_lib::services::mikrotik_service[0m[2m:[0m [MikrotikPoller] Log sync failed for Xtrabit (103.190.112.213): Internal error: Protocol error: Sentence error: Invalid prefix length
[2m2026-06-11T07:44:39.545174Z[0m [32m INFO[0m [2msaas_tauri_lib::services::mikrotik_service[0m[2m:[0m [MikrotikPoller] Xtrabit (103.190.112.213) polled in 7144ms
[2m2026-06-11T07:49:37.351658Z[0m [33m WARN[0m [2msaas_tauri_lib::services::mikrotik_service[0m[2m:[0m [MikrotikPoller] Log sync failed for Xtrabit (103.190.112.213): Internal error: Protocol error: Sentence error: Invalid prefix length
[2m2026-06-11T07:49:37.397372Z[0m [32m INFO[0m [2msaas_tauri_lib::services::mikrotik_service[0m[2m:[0m [MikrotikPoller] Xtrabit (103.190.112.213) polled in 7703ms
[2m2026-06-11T07:49:40.229551Z[0m [32m INFO[0m [2msaas_tauri_lib::services::mikrotik_service[0m[2m:[0m [MikrotikPoller] DEV Router (103.190.112.210) polled in 2831ms
