[    1385ms] [ERROR] Failed to load resource: the server responded with a status of 401 () @ https://billing.tridigitals.com/api/auth/validate:0
[    1388ms] [WARNING] WebSocket connection to 'wss://billing.tridigitals.com/api/ws' failed: WebSocket is closed before the connection is established. @ https://billing.tridigitals.com/src/lib/stores/websocket.ts:306
[    1397ms] [ERROR] [WS] Error: Event @ https://billing.tridigitals.com/src/lib/stores/websocket.ts:108
[    1401ms] [ERROR] Failed to load resource: the server responded with a status of 401 () @ https://billing.tridigitals.com/api/notifications?page=1&per_page=20:0
[    1405ms] [WARNING] API Warning (validate_token): Invalid token @ https://billing.tridigitals.com/node_modules/@sveltejs/kit/src/runtime/client/client.js?v=a1ff02f4:3208
[    1470ms] [WARNING] Failed to load portal invoice ids for dropdown: Error: Authentication required
    at getTokenOrThrow (https://billing.tridigitals.com/src/lib/api/core.ts:770:21)
    at Object.listInvoices (https://billing.tridigitals.com/src/lib/api/payment.ts:23:60)
    at loadPortalInvoiceIds (https://billing.tridigitals.com/src/lib/components/layout/NotificationDropdown.svelte:115:67)
    at https://billing.tridigitals.com/src/lib/components/layout/NotificationDropdown.svelte:110:8
    at untrack (https://billing.tridigitals.com/node_modules/.vite/deps/chunk-EUQQR2VU.js?v=a1ff02f4:3830:12)
    at $effect (https://billing.tridigitals.com/node_modules/.vite/deps/chunk-JE4MGW45.js?v=a1ff02f4:4431:23)
    at update_reaction (https://billing.tridigitals.com/node_modules/.vite/deps/chunk-EUQQR2VU.js?v=a1ff02f4:3535:18)
    at update_effect (https://billing.tridigitals.com/node_modules/.vite/deps/chunk-EUQQR2VU.js?v=a1ff02f4:3673:21)
    at flush_queued_effects (https://billing.tridigitals.com/node_modules/.vite/deps/chunk-EUQQR2VU.js?v=a1ff02f4:2652:7)
    at _Batch.process (https://billing.tridigitals.com/node_modules/.vite/deps/chunk-EUQQR2VU.js?v=a1ff02f4:2311:7) @ https://billing.tridigitals.com/node_modules/@sveltejs/kit/src/runtime/client/client.js?v=a1ff02f4:3208
[    1476ms] [WARNING] Failed to load announcements: Error: Authentication required
    at getTokenOrThrow (https://billing.tridigitals.com/src/lib/api/core.ts:770:21)
    at Object.listActive (https://billing.tridigitals.com/src/lib/api/announcements.ts:3:70)
    at loadActiveAnnouncements (https://billing.tridigitals.com/src/lib/stores/announcements.ts:8:42)
    at https://billing.tridigitals.com/src/lib/components/layout/AnnouncementBanner.svelte:80:8
    at untrack (https://billing.tridigitals.com/node_modules/.vite/deps/chunk-EUQQR2VU.js?v=a1ff02f4:3830:12)
    at $effect (https://billing.tridigitals.com/node_modules/.vite/deps/chunk-JE4MGW45.js?v=a1ff02f4:4431:23)
    at update_reaction (https://billing.tridigitals.com/node_modules/.vite/deps/chunk-EUQQR2VU.js?v=a1ff02f4:3535:18)
    at update_effect (https://billing.tridigitals.com/node_modules/.vite/deps/chunk-EUQQR2VU.js?v=a1ff02f4:3673:21)
    at flush_queued_effects (https://billing.tridigitals.com/node_modules/.vite/deps/chunk-EUQQR2VU.js?v=a1ff02f4:2652:7)
    at _Batch.process (https://billing.tridigitals.com/node_modules/.vite/deps/chunk-EUQQR2VU.js?v=a1ff02f4:2311:7) @ https://billing.tridigitals.com/node_modules/@sveltejs/kit/src/runtime/client/client.js?v=a1ff02f4:3208
[    2482ms] [VERBOSE] [DOM] Input elements should have autocomplete attributes (suggested: "current-password"): (More info: https://goo.gl/9p2vKq) %o @ https://billing.tridigitals.com/login?reason=expired:0
[  137488ms] [LOG] [vite] server connection lost. Polling for restart... @ https://billing.tridigitals.com/@vite/client:963
[  137499ms] [ERROR] WebSocket connection to 'wss://billing.tridigitals.com/' failed: Error in connection establishment: net::ERR_CONNECTION_REFUSED @ https://billing.tridigitals.com/@vite/client:1034
[  138503ms] [ERROR] WebSocket connection to 'wss://billing.tridigitals.com/' failed: Error in connection establishment: net::ERR_CONNECTION_REFUSED @ https://billing.tridigitals.com/@vite/client:1034
[  140207ms] [VERBOSE] [DOM] Input elements should have autocomplete attributes (suggested: "current-password"): (More info: https://goo.gl/9p2vKq) %o @ https://billing.tridigitals.com/login?reason=expired:0
